../Core/Src/main.c:230:6:MPU6050_Init	32	static
../Core/Src/main.c:255:6:MPU6050_Read_Accel	40	static
../Core/Src/main.c:280:6:MPU6050_Read_Gyro	40	static
../Core/Src/main.c:306:6:GPS_Init	8	static
../Core/Src/main.c:311:6:GPS_UART_CallBack	8	static
../Core/Src/main.c:328:5:GPS_validate	32	static
../Core/Src/main.c:366:6:GPS_parse	48	static
../Core/Src/main.c:389:7:GPS_nmea_to_dec	32	static
../Core/Src/main.c:403:6:Nextion_SendString	88	static
../Core/Src/main.c:415:6:Nextion_SendInt	80	static
../Core/Src/main.c:422:6:Nextion_Sendfloat	80	static
../Core/Src/main.c:429:6:updateDisplay	8	static
../Core/Src/main.c:451:7:ADC_Select_CHTemp	32	static
../Core/Src/main.c:479:7:mvAx	32	static
../Core/Src/main.c:494:7:mvAy	32	static
../Core/Src/main.c:509:7:mvAz	32	static
../Core/Src/main.c:524:7:mvGx	32	static
../Core/Src/main.c:539:7:mvGy	32	static
../Core/Src/main.c:554:7:mvGz	32	static
../Core/Src/main.c:571:6:invertLed	8	static
../Core/Src/main.c:576:6:HAL_TIM_PeriodElapsedCallback	16	static
../Core/Src/main.c:594:6:HAL_UART_RxCpltCallback	16	static
../Core/Src/main.c:601:6:HAL_CAN_RxFifo0MsgPendingCallback	16	static
../Core/Src/main.c:607:6:sendCan	8	static
../Core/Src/main.c:625:5:main	8	static
../Core/Src/main.c:697:6:SystemClock_Config	88	static
../Core/Src/main.c:743:13:MX_ADC1_Init	24	static
../Core/Src/main.c:795:13:MX_CAN1_Init	48	static
../Core/Src/main.c:847:13:MX_I2C1_Init	8	static
../Core/Src/main.c:881:13:MX_TIM13_Init	8	static
../Core/Src/main.c:912:13:MX_TIM14_Init	8	static
../Core/Src/main.c:943:13:MX_USART1_UART_Init	8	static
../Core/Src/main.c:976:13:MX_USART2_UART_Init	8	static
../Core/Src/main.c:1009:13:MX_GPIO_Init	48	static
../Core/Src/main.c:1039:6:Error_Handler	4	static,ignoring_inline_asm
