../Core/Src/main.c:128:6:MPU6050_Init	32	static
../Core/Src/main.c:153:6:MPU6050_Read_Accel	40	static
../Core/Src/main.c:175:6:MPU6050_Read_Gyro	40	static
../Core/Src/main.c:197:6:Nextion_SendString	88	static
../Core/Src/main.c:209:6:Nextion_SendInt	80	static
../Core/Src/main.c:216:6:Nextion_Sendfloat	80	static
../Core/Src/main.c:225:7:ADC_Select_CHTemp	32	static
../Core/Src/main.c:251:6:updateDisplay	8	static
../Core/Src/main.c:264:6:moving_average	32	static
../Core/Src/main.c:278:6:HAL_TIM_PeriodElapsedCallback	16	static
../Core/Src/main.c:299:5:main	8	static
../Core/Src/main.c:363:6:SystemClock_Config	88	static
../Core/Src/main.c:409:13:MX_ADC1_Init	24	static
../Core/Src/main.c:461:13:MX_I2C1_Init	8	static
../Core/Src/main.c:495:13:MX_TIM14_Init	8	static
../Core/Src/main.c:526:13:MX_USART1_UART_Init	8	static
../Core/Src/main.c:559:13:MX_USART2_UART_Init	8	static
../Core/Src/main.c:592:13:MX_GPIO_Init	48	static
../Core/Src/main.c:622:6:Error_Handler	4	static,ignoring_inline_asm
